// Jest Snapshot v1, https://goo.gl/fbAQLP

exports[`renders UI correctly render whole UI with snapshot 1`] = `
<div>
  <h1>
    Sign Up
  </h1>
  <form
    action="#"
    onReset={[Function]}
    onSubmit={[Function]}
  >
    <label
      htmlFor="firstName"
    >
      First Name
    </label>
    <input
      id="firstName"
      name="firstName"
      onBlur={[Function]}
      onChange={[Function]}
      placeholder="Jane"
      value=""
    />
    <label
      htmlFor="lastName"
    >
      Last Name
    </label>
    <input
      id="lastName"
      name="lastName"
      onBlur={[Function]}
      onChange={[Function]}
      placeholder="Doe"
      value=""
    />
    <label
      htmlFor="email"
    >
      Email
    </label>
    <input
      id="email"
      name="email"
      onBlur={[Function]}
      onChange={[Function]}
      placeholder="jane@acme.com"
      type="email"
      value=""
    />
    <button
      type="submit"
    >
      Submit
    </button>
  </form>
</div>
`;
