// Jest Snapshot v1, https://goo.gl/fbAQLP

exports[`renders UI correctly render whole UI with snapshot 1`] = `
<div
  data-testid="fetchData"
/>
`;
